2024-10-22 21:34:00,597-ERROR-jane Doe,45,1000.50 is not according to give standard or does not conatin values
2024-10-22 21:34:39,243-ERROR-jane Doe,45,1000.50 is not according to give standard or does not conatin values
2024-10-22 21:40:10,143-ERROR-Suraj is not according to give standard or does not conatin values
2024-10-22 21:40:10,144-ERROR-Question: Write a Python function that reads a text file, counts the occurrence of each word (case-insensitive), and writes the results to a new file named 'word_count.txt' in the format "word: count" (one per line), sorted by count in descending order. is not according to give standard or does not conatin values
2024-10-22 21:40:10,145-ERROR-cat cat cat cat cat cat cat cat cat cat is not according to give standard or does not conatin values
2024-10-22 21:40:10,146-ERROR-is:24 is not according to give standard or does not conatin values
2024-10-22 21:40:10,147-ERROR-asdfhasdj is not according to give standard or does not conatin values
2024-10-22 21:40:10,148-ERROR-03/22 08:51:06 INFO   :.....mailslot_create: creating mailslot for RSVP is not according to give standard or does not conatin values
2024-10-22 21:40:10,148-ERROR-This sentence is often used because it contains every letter of the English alphabet. is not according to give standard or does not conatin values
2024-10-22 21:48:14,099-ERROR- does not contain the below pattern:not enough values to unpack (expected 3, got 1)
2024-10-22 21:48:14,099-ERROR- does not contain the below pattern:not enough values to unpack (expected 3, got 1)
2024-10-22 21:48:14,100-ERROR- does not contain the below pattern:too many values to unpack (expected 3)
2024-10-22 21:48:14,100-ERROR- does not contain the below pattern:not enough values to unpack (expected 3, got 1)
2024-10-22 21:48:14,100-ERROR- does not contain the below pattern:not enough values to unpack (expected 3, got 1)
2024-10-22 21:48:14,100-ERROR- does not contain the below pattern:not enough values to unpack (expected 3, got 1)
2024-10-22 21:48:14,100-ERROR- does not contain the below pattern:not enough values to unpack (expected 3, got 1)
2024-10-22 22:12:32,879-ERROR- does not contain the below pattern:too many values to unpack (expected 3)
2024-10-22 22:12:32,880-ERROR- does not contain the below pattern:not enough values to unpack (expected 3, got 1)
2024-10-22 22:12:32,880-ERROR- does not contain the below pattern:not enough values to unpack (expected 3, got 1)
2024-10-22 22:12:32,880-ERROR- does not contain the below pattern:not enough values to unpack (expected 3, got 1)
2024-10-22 22:12:32,880-ERROR- does not contain the below pattern:not enough values to unpack (expected 3, got 1)
2024-10-22 22:12:32,880-ERROR- does not contain the below pattern:not enough values to unpack (expected 3, got 1)
2024-10-22 22:12:32,881-ERROR- does not contain the below pattern:not enough values to unpack (expected 3, got 1)
2024-10-22 23:10:44,918-ERROR-Suraj is not according to give standard or does not conatin values
2024-10-22 23:10:44,919-ERROR-is:24 is not according to give standard or does not conatin values
2024-10-22 23:10:44,919-ERROR-Question: Write a Python function that reads a text file, counts the occurrence of each word (case-insensitive), and writes the results to a new file named 'word_count.txt' in the format "word: count" (one per line), sorted by count in descending order. is not according to give standard or does not conatin values
2024-10-22 23:10:44,920-ERROR-cat cat cat cat cat cat cat cat cat cat is not according to give standard or does not conatin values
2024-10-22 23:10:44,920-ERROR-This sentence is often used because it contains every letter of the English alphabet. is not according to give standard or does not conatin values
2024-10-22 23:10:44,920-ERROR-03/22 08:51:06 INFO   :.....mailslot_create: creating mailslot for RSVP is not according to give standard or does not conatin values
2024-10-22 23:10:44,920-ERROR-asdfhasdj is not according to give standard or does not conatin values
2024-10-22 23:11:54,168-ERROR-Question: Write a Python function that reads a text file, counts the occurrence of each word (case-insensitive), and writes the results to a new file named 'word_count.txt' in the format "word: count" (one per line), sorted by count in descending order. is not according to give standard or does not conatin values
2024-10-22 23:11:54,169-ERROR-Suraj is not according to give standard or does not conatin values
2024-10-22 23:11:54,169-ERROR-cat cat cat cat cat cat cat cat cat cat is not according to give standard or does not conatin values
2024-10-22 23:11:54,169-ERROR-03/22 08:51:06 INFO   :.....mailslot_create: creating mailslot for RSVP is not according to give standard or does not conatin values
2024-10-22 23:11:54,170-ERROR-asdfhasdj is not according to give standard or does not conatin values
2024-10-22 23:11:54,170-ERROR-This sentence is often used because it contains every letter of the English alphabet. is not according to give standard or does not conatin values
2024-10-22 23:11:54,170-ERROR-is:24 is not according to give standard or does not conatin values
2024-10-22 23:53:16,928-ERROR-Suraj is not according to give standard or does not conatin values
2024-10-22 23:53:16,929-ERROR-cat cat cat cat cat cat cat cat cat cat is not according to give standard or does not conatin values
2024-10-22 23:53:16,930-ERROR-Question: Write a Python function that reads a text file, counts the occurrence of each word (case-insensitive), and writes the results to a new file named 'word_count.txt' in the format "word: count" (one per line), sorted by count in descending order. is not according to give standard or does not conatin values
2024-10-22 23:53:16,932-ERROR-is:24 is not according to give standard or does not conatin values
2024-10-22 23:53:16,933-ERROR-03/22 08:51:06 INFO   :.....mailslot_create: creating mailslot for RSVP is not according to give standard or does not conatin values
2024-10-22 23:53:16,933-ERROR-asdfhasdj is not according to give standard or does not conatin values
2024-10-22 23:53:16,934-ERROR-This sentence is often used because it contains every letter of the English alphabet. is not according to give standard or does not conatin values
2024-10-23 11:59:14,176-ERROR-Suraj is not according to give standard or does not conatin values
2024-10-23 11:59:14,176-ERROR-is:24 is not according to give standard or does not conatin values
2024-10-23 11:59:14,176-ERROR-Question: Write a Python function that reads a text file, counts the occurrence of each word (case-insensitive), and writes the results to a new file named 'word_count.txt' in the format "word: count" (one per line), sorted by count in descending order. is not according to give standard or does not conatin values
2024-10-23 11:59:14,177-ERROR-asdfhasdj is not according to give standard or does not conatin values
2024-10-23 11:59:14,177-ERROR-This sentence is often used because it contains every letter of the English alphabet. is not according to give standard or does not conatin values
2024-10-23 11:59:14,177-ERROR-cat cat cat cat cat cat cat cat cat cat is not according to give standard or does not conatin values
2024-10-23 11:59:14,178-ERROR-03/22 08:51:06 INFO   :.....mailslot_create: creating mailslot for RSVP is not according to give standard or does not conatin values
2024-10-23 12:02:44,730-ERROR-Suraj is not according to give standard or does not conatin values
2024-10-23 12:02:44,730-ERROR-Question: Write a Python function that reads a text file, counts the occurrence of each word (case-insensitive), and writes the results to a new file named 'word_count.txt' in the format "word: count" (one per line), sorted by count in descending order. is not according to give standard or does not conatin values
2024-10-23 12:02:44,731-ERROR-cat cat cat cat cat cat cat cat cat cat is not according to give standard or does not conatin values
2024-10-23 12:02:44,731-ERROR-This sentence is often used because it contains every letter of the English alphabet. is not according to give standard or does not conatin values
2024-10-23 12:02:44,731-ERROR-03/22 08:51:06 INFO   :.....mailslot_create: creating mailslot for RSVP is not according to give standard or does not conatin values
2024-10-23 12:02:44,731-ERROR-asdfhasdj is not according to give standard or does not conatin values
2024-10-23 12:02:44,732-ERROR-is:24 is not according to give standard or does not conatin values
